// Jest Snapshot v1, https://goo.gl/fbAQLP

exports[`Matches snapshot 1`] = `
<Card
  code="1"
  images={
    Object {
      "png": "",
    }
  }
/>
`;
